// Jest Snapshot v1, https://goo.gl/fbAQLP

exports[`renders favourited 1`] = `
<View
  accessibilityComponentType={undefined}
  accessibilityLabel={undefined}
  accessibilityTraits={undefined}
  accessible={true}
  hasTVPreferredFocus={undefined}
  hitSlop={undefined}
  isTVSelectable={true}
  nativeID={undefined}
  onLayout={undefined}
  onResponderGrant={[Function]}
  onResponderMove={[Function]}
  onResponderRelease={[Function]}
  onResponderTerminate={[Function]}
  onResponderTerminationRequest={[Function]}
  onStartShouldSetResponder={[Function]}
  style={null}
  testID={undefined}
  tvParallaxProperties={undefined}
>
  <View
    style={
      Array [
        Object {
          "paddingLeft": 8,
        },
        undefined,
        Object {
          "paddingRight": 8,
        },
        undefined,
        Object {
          "paddingTop": 8,
        },
        undefined,
        Object {
          "paddingBottom": 8,
        },
        undefined,
        undefined,
        undefined,
        undefined,
        undefined,
        undefined,
        undefined,
        undefined,
        null,
      ]
    }
  >
    <Text
      accessible={true}
      allowFontScaling={true}
      ellipsizeMode="tail"
    />
  </View>
</View>
`;

exports[`renders unfavourited 1`] = `
<View
  accessibilityComponentType={undefined}
  accessibilityLabel={undefined}
  accessibilityTraits={undefined}
  accessible={true}
  hasTVPreferredFocus={undefined}
  hitSlop={undefined}
  isTVSelectable={true}
  nativeID={undefined}
  onLayout={undefined}
  onResponderGrant={[Function]}
  onResponderMove={[Function]}
  onResponderRelease={[Function]}
  onResponderTerminate={[Function]}
  onResponderTerminationRequest={[Function]}
  onStartShouldSetResponder={[Function]}
  style={null}
  testID={undefined}
  tvParallaxProperties={undefined}
>
  <View
    style={
      Array [
        Object {
          "paddingLeft": 8,
        },
        undefined,
        Object {
          "paddingRight": 8,
        },
        undefined,
        Object {
          "paddingTop": 8,
        },
        undefined,
        Object {
          "paddingBottom": 8,
        },
        undefined,
        undefined,
        undefined,
        undefined,
        undefined,
        undefined,
        undefined,
        undefined,
        null,
      ]
    }
  >
    <Text
      accessible={true}
      allowFontScaling={true}
      ellipsizeMode="tail"
    />
  </View>
</View>
`;
